// Jest Snapshot v1, https://goo.gl/fbAQLP

exports[`Check if Home page renders correctly 1`] = `
<div
  className="main-div"
>
  <h2
    className="welcome"
  >
    Welcome to our page
  </h2>
  <p
    className="text-p"
  >
    Lorem ipsum dolor sit amet, consectetur adipiscing elit, sed do eiusmod tempor incididunt ut labore et dolore magna aliqua. Augue ut lectus arcu bibendum. Neque sodales ut etiam sit. Risus in hendrerit gravida rutrum. Egestas quis ipsum suspendisse ultrices gravida dictum. Etiam dignissim diam quis enim lobortis. Aliquet nec ullamcorper sit amet risus nullam. Nec dui nunc mattis enim. Sit amet nisl purus in mollis nunc sed.
  </p>
</div>
`;
